Microsoft Windows [Version 10.0.19045.2604]
(c) Microsoft Corporation. All rights reserved.

C:\Users\ThinkPad>cd Documents

C:\Users\ThinkPad\Documents>cd project

C:\Users\ThinkPad\Documents\project>mkdir whatsapp-api

C:\Users\ThinkPad\Documents\project>cd whatsapp-api

C:\Users\ThinkPad\Documents\project\whatsapp-api>node -v
v14.17.4

C:\Users\ThinkPad\Documents\project\whatsapp-api>npm -v
6.14.14

C:\Users\ThinkPad\Documents\project\whatsapp-api>npm i whatsapp-web.js
npm WARN deprecated puppeteer@13.7.0: < 19.2.0 is no longer supported

> puppeteer@13.7.0 install C:\Users\ThinkPad\Documents\project\whatsapp-api\node_modules\puppeteer
> node install.js

Downloading Chromium r982053 - 180.5 Mb [====================] 100% 0.0s
Chromium (982053) downloaded to C:\Users\ThinkPad\Documents\project\whatsapp-api\node_modules\puppeteer\.local-chromium\win64-982053
npm WARN saveError ENOENT: no such file or directory, open 'C:\Users\ThinkPad\Documents\project\whatsapp-api\package.json'
npm notice created a lockfile as package-lock.json. You should commit this file.
npm WARN enoent ENOENT: no such file or directory, open 'C:\Users\ThinkPad\Documents\project\whatsapp-api\package.json'
npm WARN whatsapp-api No description
npm WARN whatsapp-api No repository field.
npm WARN whatsapp-api No README data
npm WARN whatsapp-api No license field.

+ whatsapp-web.js@1.19.4
added 110 packages from 110 contributors and audited 110 packages in 135.259s

8 packages are looking for funding
  run `npm fund` for details

found 0 vulnerabilities


C:\Users\ThinkPad\Documents\project\whatsapp-api>npm i qrcode-terminal
npm WARN saveError ENOENT: no such file or directory, open 'C:\Users\ThinkPad\Documents\project\whatsapp-api\package.json'
npm WARN enoent ENOENT: no such file or directory, open 'C:\Users\ThinkPad\Documents\project\whatsapp-api\package.json'
npm WARN whatsapp-api No description
npm WARN whatsapp-api No repository field.
npm WARN whatsapp-api No README data
npm WARN whatsapp-api No license field.

+ qrcode-terminal@0.12.0
added 1 package from 2 contributors and audited 181 packages in 1.8s

8 packages are looking for funding
  run `npm fund` for details

found 0 vulnerabilities


C:\Users\ThinkPad\Documents\project\whatsapp-api>npm i mysql2
npm WARN saveError ENOENT: no such file or directory, open 'C:\Users\ThinkPad\Documents\project\whatsapp-api\package.json'
npm WARN enoent ENOENT: no such file or directory, open 'C:\Users\ThinkPad\Documents\project\whatsapp-api\package.json'
npm WARN whatsapp-api No description
npm WARN whatsapp-api No repository field.
npm WARN whatsapp-api No README data
npm WARN whatsapp-api No license field.

+ mysql2@3.1.2
added 11 packages from 18 contributors and audited 192 packages in 3.822s

8 packages are looking for funding
  run `npm fund` for details

found 0 vulnerabilities


C:\Users\ThinkPad\Documents\project\whatsapp-api>npm i fs
npm WARN saveError ENOENT: no such file or directory, open 'C:\Users\ThinkPad\Documents\project\whatsapp-api\package.json'
npm WARN enoent ENOENT: no such file or directory, open 'C:\Users\ThinkPad\Documents\project\whatsapp-api\package.json'
npm WARN whatsapp-api No description
npm WARN whatsapp-api No repository field.
npm WARN whatsapp-api No README data
npm WARN whatsapp-api No license field.

+ fs@0.0.1-security
added 1 package and audited 198 packages in 2.551s

8 packages are looking for funding
  run `npm fund` for details

found 0 vulnerabilities


C:\Users\ThinkPad\Documents\project\whatsapp-api>